// Jest Snapshot v1, https://goo.gl/fbAQLP

exports[`<PersonalizedIncentives /> should render the household anual savings 1`] = `
.c0 {
  width: 100%;
  background-color: #00b0d3;
}

.c1 svg {
  margin: 0px 10px;
}

.c2 {
  font-style: normal;
  font-weight: 700;
  font-size: 32px;
  line-height: 40px;
  text-align: left;
  margin-bottom: 42px;
  color: #FAFAFA;
}

.c3 {
  display: -webkit-box;
  display: -webkit-flex;
  display: -ms-flexbox;
  display: flex;
  margin-bottom: 50px;
}

.c4 {
  width: 50%;
  display: -webkit-box;
  display: -webkit-flex;
  display: -ms-flexbox;
  display: flex;
  -webkit-box-pack: start;
  -webkit-justify-content: flex-start;
  -ms-flex-pack: start;
  justify-content: flex-start;
  -webkit-align-items: end;
  -webkit-box-align: end;
  -ms-flex-align: end;
  align-items: end;
  padding-left: 40px;
  height: 30vh;
}

.c5 {
  display: -webkit-box;
  display: -webkit-flex;
  display: -ms-flexbox;
  display: flex;
}

.c6 {
  color: #FAFAFA;
}

.c7 {
  font-style: normal;
  font-weight: 500;
  font-size: 24px;
  line-height: 24px;
  text-transform: uppercase;
  text-align: left;
  max-width: 100vw;
}

.c7 svg > path {
  fill: white;
}

.c7 svg > circle {
  stroke: white;
}

.c9 {
  font-size: 38px;
  font-weight: 700;
  line-height: 40px;
  -webkit-letter-spacing: 0em;
  -moz-letter-spacing: 0em;
  -ms-letter-spacing: 0em;
  letter-spacing: 0em;
  text-align: left;
}

.c11 {
  display: -webkit-box;
  display: -webkit-flex;
  display: -ms-flexbox;
  display: flex;
  margin-top: 40px;
}

.c12 {
  color: #FAFAFA !important;
  font-style: normal;
  font-weight: 500;
  font-size: 12px;
  line-height: 16px;
  text-align: left;
  margin-bottom: 30px;
}

.c10 {
  border: 1px solid #FAFAFA;
}

.c8 {
  width: -webkit-max-content;
  width: -moz-max-content;
  width: max-content;
  display: contents;
}

@media (min-width:320px) {
  .c1 {
    padding: 50px 24px;
  }
}

@media (min-width:480px) {
  .c1 {
    padding: 50px 32px;
  }
}

@media (min-width:768px) {
  .c1 {
    padding: 50px 40px;
  }
}

@media (min-width:1024px) {
  .c1 {
    padding: 40px 64px;
  }
}

@media (min-width:1400px) {
  .c1 {
    width: 1400px;
    margin: 0px auto;
  }
}

@media (min-width:1024px) {
  .c2 {
    width: 30vw;
  }
}

@media (min-width:320px) {
  .c3 {
    -webkit-flex-direction: column-reverse;
    -ms-flex-direction: column-reverse;
    flex-direction: column-reverse;
  }
}

@media (min-width:1024px) {
  .c3 {
    -webkit-flex-direction: row;
    -ms-flex-direction: row;
    flex-direction: row;
  }
}

@media (max-width:425px) {
  .c4 {
    position: absolute;
    -webkit-align-self: end;
    -ms-flex-item-align: end;
    align-self: end;
    margin-top: 150px;
  }
}

@media (max-width:768px) {
  .c4 {
    height: auto;
  }
}

@media (min-width:320px) {
  .c5 {
    -webkit-flex-direction: column;
    -ms-flex-direction: column;
    flex-direction: column;
  }
}

@media (min-width:1024px) {
  .c5 {
    -webkit-flex-direction: row;
    -ms-flex-direction: row;
    flex-direction: row;
    width: 100%;
  }
}

@media (min-width:1024px) {
  .c6 {
    margin-right: 50px;
  }
}

@media (min-width:320px) {
  .c6 {
    margin-top: 28px;
  }
}

@media (max-width:1024px) {
  .c11 {
    -webkit-flex-direction: column;
    -ms-flex-direction: column;
    flex-direction: column;
  }
}

@media (min-width:1024px) {
  .c12 {
    padding-right: 59px;
    -webkit-flex: 0 0 50%;
    -ms-flex: 0 0 50%;
    flex: 0 0 50%;
  }
}

<div
  class="c0"
>
  <div
    style="height: 65px;"
  />
  <div
    class="c1"
  >
    <h1
      class="c2"
    >
      Your personalized incentives
    </h1>
    <div
      class="c3"
    >
      <div
        class="c4"
      >
        <div>
          mocked icon
        </div>
        <div>
          mocked icon
        </div>
        <div>
          mocked icon
        </div>
      </div>
      <div
        style="margin-bottom: 60px; flex: 0 0 50%;"
      >
        <div
          class="c5"
        >
          <div
            class="c6"
          >
            <h6
              class="c7"
            >
              Available
            </h6>
            <h6
              class="c7"
            >
              tax credits
              <div
                class="c8"
                data-testid="tooltip"
              >
                <div>
                  mocked icon
                </div>
              </div>
            </h6>
            <h6
              class="c9"
              data-testid="household_tax_savings"
            >
              $320
            </h6>
          </div>
          <div
            class="c6"
          >
            <h6
              class="c7"
            >
              Estimated energy
            </h6>
            <h6
              class="c7"
            >
              savings per year
              <div
                class="c8"
                data-testid="tooltip"
              >
                <div>
                  mocked icon
                </div>
              </div>
            </h6>
            <h6
              class="c9"
              data-testid="household_annual_savings"
            >
              $111
            </h6>
          </div>
        </div>
      </div>
    </div>
    <div
      class="c10"
    />
    <div
      class="c11"
    >
      <p
        class="c12"
      >
        Disclaimer: These values are estimates. The rebates may be implemented differently in each state, so we cannot guarantee final amounts, eligibility, or timeline. And without additional appropriations from Congress, the rebate programs will end once their initial IRA funding is exhausted. Tax credits can only be used to offset your federal taxes owed, which we estimate but do not know.
      </p>
      <p
        class="c12"
      >
        Your income is above the threshold for upfront discounts and/or EV tax credits, but your tax liability will likely qualify you for equipment tax credits. You do qualify for a performance-based efficiency rebate worth $4,000. However, we do not consider this an upfront discount. Check out this relevant case study!
      </p>
    </div>
  </div>
</div>
`;

exports[`<PersonalizedIncentives /> should render the tax savings 1`] = `
.c0 {
  width: 100%;
  background-color: #00b0d3;
}

.c1 svg {
  margin: 0px 10px;
}

.c2 {
  font-style: normal;
  font-weight: 700;
  font-size: 32px;
  line-height: 40px;
  text-align: left;
  margin-bottom: 42px;
  color: #FAFAFA;
}

.c3 {
  display: -webkit-box;
  display: -webkit-flex;
  display: -ms-flexbox;
  display: flex;
  margin-bottom: 50px;
}

.c4 {
  width: 50%;
  display: -webkit-box;
  display: -webkit-flex;
  display: -ms-flexbox;
  display: flex;
  -webkit-box-pack: start;
  -webkit-justify-content: flex-start;
  -ms-flex-pack: start;
  justify-content: flex-start;
  -webkit-align-items: end;
  -webkit-box-align: end;
  -ms-flex-align: end;
  align-items: end;
  padding-left: 40px;
  height: 30vh;
}

.c5 {
  display: -webkit-box;
  display: -webkit-flex;
  display: -ms-flexbox;
  display: flex;
}

.c6 {
  color: #FAFAFA;
}

.c7 {
  font-style: normal;
  font-weight: 500;
  font-size: 24px;
  line-height: 24px;
  text-transform: uppercase;
  text-align: left;
  max-width: 100vw;
}

.c7 svg > path {
  fill: white;
}

.c7 svg > circle {
  stroke: white;
}

.c9 {
  font-size: 38px;
  font-weight: 700;
  line-height: 40px;
  -webkit-letter-spacing: 0em;
  -moz-letter-spacing: 0em;
  -ms-letter-spacing: 0em;
  letter-spacing: 0em;
  text-align: left;
}

.c11 {
  display: -webkit-box;
  display: -webkit-flex;
  display: -ms-flexbox;
  display: flex;
  margin-top: 40px;
}

.c12 {
  color: #FAFAFA !important;
  font-style: normal;
  font-weight: 500;
  font-size: 12px;
  line-height: 16px;
  text-align: left;
  margin-bottom: 30px;
}

.c10 {
  border: 1px solid #FAFAFA;
}

.c8 {
  width: -webkit-max-content;
  width: -moz-max-content;
  width: max-content;
  display: contents;
}

@media (min-width:320px) {
  .c1 {
    padding: 50px 24px;
  }
}

@media (min-width:480px) {
  .c1 {
    padding: 50px 32px;
  }
}

@media (min-width:768px) {
  .c1 {
    padding: 50px 40px;
  }
}

@media (min-width:1024px) {
  .c1 {
    padding: 40px 64px;
  }
}

@media (min-width:1400px) {
  .c1 {
    width: 1400px;
    margin: 0px auto;
  }
}

@media (min-width:1024px) {
  .c2 {
    width: 30vw;
  }
}

@media (min-width:320px) {
  .c3 {
    -webkit-flex-direction: column-reverse;
    -ms-flex-direction: column-reverse;
    flex-direction: column-reverse;
  }
}

@media (min-width:1024px) {
  .c3 {
    -webkit-flex-direction: row;
    -ms-flex-direction: row;
    flex-direction: row;
  }
}

@media (max-width:425px) {
  .c4 {
    position: absolute;
    -webkit-align-self: end;
    -ms-flex-item-align: end;
    align-self: end;
    margin-top: 150px;
  }
}

@media (max-width:768px) {
  .c4 {
    height: auto;
  }
}

@media (min-width:320px) {
  .c5 {
    -webkit-flex-direction: column;
    -ms-flex-direction: column;
    flex-direction: column;
  }
}

@media (min-width:1024px) {
  .c5 {
    -webkit-flex-direction: row;
    -ms-flex-direction: row;
    flex-direction: row;
    width: 100%;
  }
}

@media (min-width:1024px) {
  .c6 {
    margin-right: 50px;
  }
}

@media (min-width:320px) {
  .c6 {
    margin-top: 28px;
  }
}

@media (max-width:1024px) {
  .c11 {
    -webkit-flex-direction: column;
    -ms-flex-direction: column;
    flex-direction: column;
  }
}

@media (min-width:1024px) {
  .c12 {
    padding-right: 59px;
    -webkit-flex: 0 0 50%;
    -ms-flex: 0 0 50%;
    flex: 0 0 50%;
  }
}

<div
  class="c0"
>
  <div
    style="height: 65px;"
  />
  <div
    class="c1"
  >
    <h1
      class="c2"
    >
      Your personalized incentives
    </h1>
    <div
      class="c3"
    >
      <div
        class="c4"
      >
        <div>
          mocked icon
        </div>
        <div>
          mocked icon
        </div>
        <div>
          mocked icon
        </div>
      </div>
      <div
        style="margin-bottom: 60px; flex: 0 0 50%;"
      >
        <div
          class="c5"
        >
          <div
            class="c6"
          >
            <h6
              class="c7"
            >
              Available
            </h6>
            <h6
              class="c7"
            >
              tax credits
              <div
                class="c8"
                data-testid="tooltip"
              >
                <div>
                  mocked icon
                </div>
              </div>
            </h6>
            <h6
              class="c9"
              data-testid="household_tax_savings"
            >
              $320
            </h6>
          </div>
          <div
            class="c6"
          >
            <h6
              class="c7"
            >
              Estimated energy
            </h6>
            <h6
              class="c7"
            >
              savings per year
              <div
                class="c8"
                data-testid="tooltip"
              >
                <div>
                  mocked icon
                </div>
              </div>
            </h6>
            <h6
              class="c9"
              data-testid="household_annual_savings"
            >
              $111
            </h6>
          </div>
        </div>
      </div>
    </div>
    <div
      class="c10"
    />
    <div
      class="c11"
    >
      <p
        class="c12"
      >
        Disclaimer: These values are estimates. The rebates may be implemented differently in each state, so we cannot guarantee final amounts, eligibility, or timeline. And without additional appropriations from Congress, the rebate programs will end once their initial IRA funding is exhausted. Tax credits can only be used to offset your federal taxes owed, which we estimate but do not know.
      </p>
      <p
        class="c12"
      >
        Your income is above the threshold for upfront discounts and/or EV tax credits, but your tax liability will likely qualify you for equipment tax credits. You do qualify for a performance-based efficiency rebate worth $4,000. However, we do not consider this an upfront discount. Check out this relevant case study!
      </p>
    </div>
  </div>
</div>
`;
