// Jest Snapshot v1, https://goo.gl/fbAQLP

exports[`<Footer /> should have link to Mission & Careers 1`] = `
<div
  class="sc-gTRrQi drpXil"
>
  <div>
    mocked icon
  </div>
  <div
    class="sc-ewnqHT Vxahz"
  >
    <div
      class="sc-fFGjHI iWSryO"
    >
      <div
        class="sc-dicizt jOHjhs"
      >
        <a
          class="sc-iVCKna jVrrtU"
          href="https://www.span.io/"
          target="_blank"
        >
          Home
        </a>
        <a
          class="sc-iVCKna jVrrtU"
          href="https://www.span.io/panel"
          target="_blank"
        >
          Panel
        </a>
        <a
          class="sc-iVCKna jVrrtU"
          href="https://www.span.io/drive"
          target="_blank"
        >
          Drive
        </a>
        <a
          class="sc-iVCKna jVrrtU"
          href="https://www.span.io/app"
          target="_blank"
        >
          App
        </a>
        <a
          class="sc-iVCKna jVrrtU"
          href="https://www.span.io/partners"
          target="_blank"
        >
          Installers & Partners
        </a>
        <a
          class="sc-iVCKna jVrrtU"
          href="https://www.span.io/mission-careers"
          target="_blank"
        >
          Mission & Careers
        </a>
        <a
          class="sc-iVCKna jVrrtU"
          href="https://www.span.io/news"
          target="_blank"
        >
          News
        </a>
      </div>
      <div
        class="sc-dicizt jOHjhs"
      >
        <a
          class="sc-iVCKna jVrrtU"
          href="https://www.span.io/tech-portal"
          target="_blank"
        >
          Tech Portal
        </a>
        <a
          class="sc-iVCKna jVrrtU"
          href="https://support.span.io/hc/en-us/"
          target="_blank"
        >
          Support
        </a>
        <a
          class="sc-iVCKna jVrrtU"
          href="https://www.span.io/terms-of-service"
          target="_blank"
        >
          Terms of Service
        </a>
        <a
          class="sc-iVCKna jVrrtU"
          href="https://www.span.io/privacy"
          target="_blank"
        >
          Privacy Policy
        </a>
        <a
          class="sc-iVCKna jVrrtU"
          href="https://www.span.io/legal"
          target="_blank"
        >
          Legal
        </a>
      </div>
    </div>
    <div
      class="sc-gxYJeL cDhkXG"
    >
      <a
        class="sc-bgqQcB bGgObM"
        data-testid="social-media-link"
        href="https://www.instagram.com/get_span/?hl=en"
        target="_blank"
      >
        <div>
          mocked icon
        </div>
      </a>
      <a
        class="sc-bgqQcB bGgObM"
        data-testid="social-media-link"
        href="https://www.linkedin.com/company/spanio/mycompany/"
        target="_blank"
      >
        <div>
          mocked icon
        </div>
      </a>
      <a
        class="sc-bgqQcB bGgObM"
        data-testid="social-media-link"
        href="https://twitter.com/span_io?lang=en"
        target="_blank"
      >
        <div>
          mocked icon
        </div>
      </a>
      <a
        class="sc-bgqQcB bGgObM"
        data-testid="social-media-link"
        href="https://www.youtube.com/channel/UClLe-YG5QZKFJAlJhwdYPGA"
        target="_blank"
      >
        <div>
          mocked icon
        </div>
      </a>
      <a
        class="sc-bgqQcB bGgObM"
        data-testid="social-media-link"
        href="https://www.facebook.com/get.SPAN/"
        target="_blank"
      >
        <div>
          mocked icon
        </div>
      </a>
      <a
        class="sc-bgqQcB bGgObM"
        data-testid="social-media-link"
        href="https://www.tiktok.com/@span.io?lang=en"
        target="_blank"
      >
        <div>
          mocked icon
        </div>
      </a>
    </div>
  </div>
  <p
    class="sc-kPTPQs iMrmXv"
  >
    ©2023 SPAN.io, Inc. All rights reserved.
  </p>
</div>
`;

exports[`<Footer /> should have link to app 1`] = `
<div
  class="sc-gTRrQi drpXil"
>
  <div>
    mocked icon
  </div>
  <div
    class="sc-ewnqHT Vxahz"
  >
    <div
      class="sc-fFGjHI iWSryO"
    >
      <div
        class="sc-dicizt jOHjhs"
      >
        <a
          class="sc-iVCKna jVrrtU"
          href="https://www.span.io/"
          target="_blank"
        >
          Home
        </a>
        <a
          class="sc-iVCKna jVrrtU"
          href="https://www.span.io/panel"
          target="_blank"
        >
          Panel
        </a>
        <a
          class="sc-iVCKna jVrrtU"
          href="https://www.span.io/drive"
          target="_blank"
        >
          Drive
        </a>
        <a
          class="sc-iVCKna jVrrtU"
          href="https://www.span.io/app"
          target="_blank"
        >
          App
        </a>
        <a
          class="sc-iVCKna jVrrtU"
          href="https://www.span.io/partners"
          target="_blank"
        >
          Installers & Partners
        </a>
        <a
          class="sc-iVCKna jVrrtU"
          href="https://www.span.io/mission-careers"
          target="_blank"
        >
          Mission & Careers
        </a>
        <a
          class="sc-iVCKna jVrrtU"
          href="https://www.span.io/news"
          target="_blank"
        >
          News
        </a>
      </div>
      <div
        class="sc-dicizt jOHjhs"
      >
        <a
          class="sc-iVCKna jVrrtU"
          href="https://www.span.io/tech-portal"
          target="_blank"
        >
          Tech Portal
        </a>
        <a
          class="sc-iVCKna jVrrtU"
          href="https://support.span.io/hc/en-us/"
          target="_blank"
        >
          Support
        </a>
        <a
          class="sc-iVCKna jVrrtU"
          href="https://www.span.io/terms-of-service"
          target="_blank"
        >
          Terms of Service
        </a>
        <a
          class="sc-iVCKna jVrrtU"
          href="https://www.span.io/privacy"
          target="_blank"
        >
          Privacy Policy
        </a>
        <a
          class="sc-iVCKna jVrrtU"
          href="https://www.span.io/legal"
          target="_blank"
        >
          Legal
        </a>
      </div>
    </div>
    <div
      class="sc-gxYJeL cDhkXG"
    >
      <a
        class="sc-bgqQcB bGgObM"
        data-testid="social-media-link"
        href="https://www.instagram.com/get_span/?hl=en"
        target="_blank"
      >
        <div>
          mocked icon
        </div>
      </a>
      <a
        class="sc-bgqQcB bGgObM"
        data-testid="social-media-link"
        href="https://www.linkedin.com/company/spanio/mycompany/"
        target="_blank"
      >
        <div>
          mocked icon
        </div>
      </a>
      <a
        class="sc-bgqQcB bGgObM"
        data-testid="social-media-link"
        href="https://twitter.com/span_io?lang=en"
        target="_blank"
      >
        <div>
          mocked icon
        </div>
      </a>
      <a
        class="sc-bgqQcB bGgObM"
        data-testid="social-media-link"
        href="https://www.youtube.com/channel/UClLe-YG5QZKFJAlJhwdYPGA"
        target="_blank"
      >
        <div>
          mocked icon
        </div>
      </a>
      <a
        class="sc-bgqQcB bGgObM"
        data-testid="social-media-link"
        href="https://www.facebook.com/get.SPAN/"
        target="_blank"
      >
        <div>
          mocked icon
        </div>
      </a>
      <a
        class="sc-bgqQcB bGgObM"
        data-testid="social-media-link"
        href="https://www.tiktok.com/@span.io?lang=en"
        target="_blank"
      >
        <div>
          mocked icon
        </div>
      </a>
    </div>
  </div>
  <p
    class="sc-kPTPQs iMrmXv"
  >
    ©2023 SPAN.io, Inc. All rights reserved.
  </p>
</div>
`;

exports[`<Footer /> should have link to drive 1`] = `
<div
  class="sc-gTRrQi drpXil"
>
  <div>
    mocked icon
  </div>
  <div
    class="sc-ewnqHT Vxahz"
  >
    <div
      class="sc-fFGjHI iWSryO"
    >
      <div
        class="sc-dicizt jOHjhs"
      >
        <a
          class="sc-iVCKna jVrrtU"
          href="https://www.span.io/"
          target="_blank"
        >
          Home
        </a>
        <a
          class="sc-iVCKna jVrrtU"
          href="https://www.span.io/panel"
          target="_blank"
        >
          Panel
        </a>
        <a
          class="sc-iVCKna jVrrtU"
          href="https://www.span.io/drive"
          target="_blank"
        >
          Drive
        </a>
        <a
          class="sc-iVCKna jVrrtU"
          href="https://www.span.io/app"
          target="_blank"
        >
          App
        </a>
        <a
          class="sc-iVCKna jVrrtU"
          href="https://www.span.io/partners"
          target="_blank"
        >
          Installers & Partners
        </a>
        <a
          class="sc-iVCKna jVrrtU"
          href="https://www.span.io/mission-careers"
          target="_blank"
        >
          Mission & Careers
        </a>
        <a
          class="sc-iVCKna jVrrtU"
          href="https://www.span.io/news"
          target="_blank"
        >
          News
        </a>
      </div>
      <div
        class="sc-dicizt jOHjhs"
      >
        <a
          class="sc-iVCKna jVrrtU"
          href="https://www.span.io/tech-portal"
          target="_blank"
        >
          Tech Portal
        </a>
        <a
          class="sc-iVCKna jVrrtU"
          href="https://support.span.io/hc/en-us/"
          target="_blank"
        >
          Support
        </a>
        <a
          class="sc-iVCKna jVrrtU"
          href="https://www.span.io/terms-of-service"
          target="_blank"
        >
          Terms of Service
        </a>
        <a
          class="sc-iVCKna jVrrtU"
          href="https://www.span.io/privacy"
          target="_blank"
        >
          Privacy Policy
        </a>
        <a
          class="sc-iVCKna jVrrtU"
          href="https://www.span.io/legal"
          target="_blank"
        >
          Legal
        </a>
      </div>
    </div>
    <div
      class="sc-gxYJeL cDhkXG"
    >
      <a
        class="sc-bgqQcB bGgObM"
        data-testid="social-media-link"
        href="https://www.instagram.com/get_span/?hl=en"
        target="_blank"
      >
        <div>
          mocked icon
        </div>
      </a>
      <a
        class="sc-bgqQcB bGgObM"
        data-testid="social-media-link"
        href="https://www.linkedin.com/company/spanio/mycompany/"
        target="_blank"
      >
        <div>
          mocked icon
        </div>
      </a>
      <a
        class="sc-bgqQcB bGgObM"
        data-testid="social-media-link"
        href="https://twitter.com/span_io?lang=en"
        target="_blank"
      >
        <div>
          mocked icon
        </div>
      </a>
      <a
        class="sc-bgqQcB bGgObM"
        data-testid="social-media-link"
        href="https://www.youtube.com/channel/UClLe-YG5QZKFJAlJhwdYPGA"
        target="_blank"
      >
        <div>
          mocked icon
        </div>
      </a>
      <a
        class="sc-bgqQcB bGgObM"
        data-testid="social-media-link"
        href="https://www.facebook.com/get.SPAN/"
        target="_blank"
      >
        <div>
          mocked icon
        </div>
      </a>
      <a
        class="sc-bgqQcB bGgObM"
        data-testid="social-media-link"
        href="https://www.tiktok.com/@span.io?lang=en"
        target="_blank"
      >
        <div>
          mocked icon
        </div>
      </a>
    </div>
  </div>
  <p
    class="sc-kPTPQs iMrmXv"
  >
    ©2023 SPAN.io, Inc. All rights reserved.
  </p>
</div>
`;

exports[`<Footer /> should have link to home 1`] = `
<div
  class="sc-gTRrQi drpXil"
>
  <div>
    mocked icon
  </div>
  <div
    class="sc-ewnqHT Vxahz"
  >
    <div
      class="sc-fFGjHI iWSryO"
    >
      <div
        class="sc-dicizt jOHjhs"
      >
        <a
          class="sc-iVCKna jVrrtU"
          href="https://www.span.io/"
          target="_blank"
        >
          Home
        </a>
        <a
          class="sc-iVCKna jVrrtU"
          href="https://www.span.io/panel"
          target="_blank"
        >
          Panel
        </a>
        <a
          class="sc-iVCKna jVrrtU"
          href="https://www.span.io/drive"
          target="_blank"
        >
          Drive
        </a>
        <a
          class="sc-iVCKna jVrrtU"
          href="https://www.span.io/app"
          target="_blank"
        >
          App
        </a>
        <a
          class="sc-iVCKna jVrrtU"
          href="https://www.span.io/partners"
          target="_blank"
        >
          Installers & Partners
        </a>
        <a
          class="sc-iVCKna jVrrtU"
          href="https://www.span.io/mission-careers"
          target="_blank"
        >
          Mission & Careers
        </a>
        <a
          class="sc-iVCKna jVrrtU"
          href="https://www.span.io/news"
          target="_blank"
        >
          News
        </a>
      </div>
      <div
        class="sc-dicizt jOHjhs"
      >
        <a
          class="sc-iVCKna jVrrtU"
          href="https://www.span.io/tech-portal"
          target="_blank"
        >
          Tech Portal
        </a>
        <a
          class="sc-iVCKna jVrrtU"
          href="https://support.span.io/hc/en-us/"
          target="_blank"
        >
          Support
        </a>
        <a
          class="sc-iVCKna jVrrtU"
          href="https://www.span.io/terms-of-service"
          target="_blank"
        >
          Terms of Service
        </a>
        <a
          class="sc-iVCKna jVrrtU"
          href="https://www.span.io/privacy"
          target="_blank"
        >
          Privacy Policy
        </a>
        <a
          class="sc-iVCKna jVrrtU"
          href="https://www.span.io/legal"
          target="_blank"
        >
          Legal
        </a>
      </div>
    </div>
    <div
      class="sc-gxYJeL cDhkXG"
    >
      <a
        class="sc-bgqQcB bGgObM"
        data-testid="social-media-link"
        href="https://www.instagram.com/get_span/?hl=en"
        target="_blank"
      >
        <div>
          mocked icon
        </div>
      </a>
      <a
        class="sc-bgqQcB bGgObM"
        data-testid="social-media-link"
        href="https://www.linkedin.com/company/spanio/mycompany/"
        target="_blank"
      >
        <div>
          mocked icon
        </div>
      </a>
      <a
        class="sc-bgqQcB bGgObM"
        data-testid="social-media-link"
        href="https://twitter.com/span_io?lang=en"
        target="_blank"
      >
        <div>
          mocked icon
        </div>
      </a>
      <a
        class="sc-bgqQcB bGgObM"
        data-testid="social-media-link"
        href="https://www.youtube.com/channel/UClLe-YG5QZKFJAlJhwdYPGA"
        target="_blank"
      >
        <div>
          mocked icon
        </div>
      </a>
      <a
        class="sc-bgqQcB bGgObM"
        data-testid="social-media-link"
        href="https://www.facebook.com/get.SPAN/"
        target="_blank"
      >
        <div>
          mocked icon
        </div>
      </a>
      <a
        class="sc-bgqQcB bGgObM"
        data-testid="social-media-link"
        href="https://www.tiktok.com/@span.io?lang=en"
        target="_blank"
      >
        <div>
          mocked icon
        </div>
      </a>
    </div>
  </div>
  <p
    class="sc-kPTPQs iMrmXv"
  >
    ©2023 SPAN.io, Inc. All rights reserved.
  </p>
</div>
`;

exports[`<Footer /> should have link to legal 1`] = `
<div
  class="sc-gTRrQi drpXil"
>
  <div>
    mocked icon
  </div>
  <div
    class="sc-ewnqHT Vxahz"
  >
    <div
      class="sc-fFGjHI iWSryO"
    >
      <div
        class="sc-dicizt jOHjhs"
      >
        <a
          class="sc-iVCKna jVrrtU"
          href="https://www.span.io/"
          target="_blank"
        >
          Home
        </a>
        <a
          class="sc-iVCKna jVrrtU"
          href="https://www.span.io/panel"
          target="_blank"
        >
          Panel
        </a>
        <a
          class="sc-iVCKna jVrrtU"
          href="https://www.span.io/drive"
          target="_blank"
        >
          Drive
        </a>
        <a
          class="sc-iVCKna jVrrtU"
          href="https://www.span.io/app"
          target="_blank"
        >
          App
        </a>
        <a
          class="sc-iVCKna jVrrtU"
          href="https://www.span.io/partners"
          target="_blank"
        >
          Installers & Partners
        </a>
        <a
          class="sc-iVCKna jVrrtU"
          href="https://www.span.io/mission-careers"
          target="_blank"
        >
          Mission & Careers
        </a>
        <a
          class="sc-iVCKna jVrrtU"
          href="https://www.span.io/news"
          target="_blank"
        >
          News
        </a>
      </div>
      <div
        class="sc-dicizt jOHjhs"
      >
        <a
          class="sc-iVCKna jVrrtU"
          href="https://www.span.io/tech-portal"
          target="_blank"
        >
          Tech Portal
        </a>
        <a
          class="sc-iVCKna jVrrtU"
          href="https://support.span.io/hc/en-us/"
          target="_blank"
        >
          Support
        </a>
        <a
          class="sc-iVCKna jVrrtU"
          href="https://www.span.io/terms-of-service"
          target="_blank"
        >
          Terms of Service
        </a>
        <a
          class="sc-iVCKna jVrrtU"
          href="https://www.span.io/privacy"
          target="_blank"
        >
          Privacy Policy
        </a>
        <a
          class="sc-iVCKna jVrrtU"
          href="https://www.span.io/legal"
          target="_blank"
        >
          Legal
        </a>
      </div>
    </div>
    <div
      class="sc-gxYJeL cDhkXG"
    >
      <a
        class="sc-bgqQcB bGgObM"
        data-testid="social-media-link"
        href="https://www.instagram.com/get_span/?hl=en"
        target="_blank"
      >
        <div>
          mocked icon
        </div>
      </a>
      <a
        class="sc-bgqQcB bGgObM"
        data-testid="social-media-link"
        href="https://www.linkedin.com/company/spanio/mycompany/"
        target="_blank"
      >
        <div>
          mocked icon
        </div>
      </a>
      <a
        class="sc-bgqQcB bGgObM"
        data-testid="social-media-link"
        href="https://twitter.com/span_io?lang=en"
        target="_blank"
      >
        <div>
          mocked icon
        </div>
      </a>
      <a
        class="sc-bgqQcB bGgObM"
        data-testid="social-media-link"
        href="https://www.youtube.com/channel/UClLe-YG5QZKFJAlJhwdYPGA"
        target="_blank"
      >
        <div>
          mocked icon
        </div>
      </a>
      <a
        class="sc-bgqQcB bGgObM"
        data-testid="social-media-link"
        href="https://www.facebook.com/get.SPAN/"
        target="_blank"
      >
        <div>
          mocked icon
        </div>
      </a>
      <a
        class="sc-bgqQcB bGgObM"
        data-testid="social-media-link"
        href="https://www.tiktok.com/@span.io?lang=en"
        target="_blank"
      >
        <div>
          mocked icon
        </div>
      </a>
    </div>
  </div>
  <p
    class="sc-kPTPQs iMrmXv"
  >
    ©2023 SPAN.io, Inc. All rights reserved.
  </p>
</div>
`;

exports[`<Footer /> should have link to news 1`] = `
<div
  class="sc-gTRrQi drpXil"
>
  <div>
    mocked icon
  </div>
  <div
    class="sc-ewnqHT Vxahz"
  >
    <div
      class="sc-fFGjHI iWSryO"
    >
      <div
        class="sc-dicizt jOHjhs"
      >
        <a
          class="sc-iVCKna jVrrtU"
          href="https://www.span.io/"
          target="_blank"
        >
          Home
        </a>
        <a
          class="sc-iVCKna jVrrtU"
          href="https://www.span.io/panel"
          target="_blank"
        >
          Panel
        </a>
        <a
          class="sc-iVCKna jVrrtU"
          href="https://www.span.io/drive"
          target="_blank"
        >
          Drive
        </a>
        <a
          class="sc-iVCKna jVrrtU"
          href="https://www.span.io/app"
          target="_blank"
        >
          App
        </a>
        <a
          class="sc-iVCKna jVrrtU"
          href="https://www.span.io/partners"
          target="_blank"
        >
          Installers & Partners
        </a>
        <a
          class="sc-iVCKna jVrrtU"
          href="https://www.span.io/mission-careers"
          target="_blank"
        >
          Mission & Careers
        </a>
        <a
          class="sc-iVCKna jVrrtU"
          href="https://www.span.io/news"
          target="_blank"
        >
          News
        </a>
      </div>
      <div
        class="sc-dicizt jOHjhs"
      >
        <a
          class="sc-iVCKna jVrrtU"
          href="https://www.span.io/tech-portal"
          target="_blank"
        >
          Tech Portal
        </a>
        <a
          class="sc-iVCKna jVrrtU"
          href="https://support.span.io/hc/en-us/"
          target="_blank"
        >
          Support
        </a>
        <a
          class="sc-iVCKna jVrrtU"
          href="https://www.span.io/terms-of-service"
          target="_blank"
        >
          Terms of Service
        </a>
        <a
          class="sc-iVCKna jVrrtU"
          href="https://www.span.io/privacy"
          target="_blank"
        >
          Privacy Policy
        </a>
        <a
          class="sc-iVCKna jVrrtU"
          href="https://www.span.io/legal"
          target="_blank"
        >
          Legal
        </a>
      </div>
    </div>
    <div
      class="sc-gxYJeL cDhkXG"
    >
      <a
        class="sc-bgqQcB bGgObM"
        data-testid="social-media-link"
        href="https://www.instagram.com/get_span/?hl=en"
        target="_blank"
      >
        <div>
          mocked icon
        </div>
      </a>
      <a
        class="sc-bgqQcB bGgObM"
        data-testid="social-media-link"
        href="https://www.linkedin.com/company/spanio/mycompany/"
        target="_blank"
      >
        <div>
          mocked icon
        </div>
      </a>
      <a
        class="sc-bgqQcB bGgObM"
        data-testid="social-media-link"
        href="https://twitter.com/span_io?lang=en"
        target="_blank"
      >
        <div>
          mocked icon
        </div>
      </a>
      <a
        class="sc-bgqQcB bGgObM"
        data-testid="social-media-link"
        href="https://www.youtube.com/channel/UClLe-YG5QZKFJAlJhwdYPGA"
        target="_blank"
      >
        <div>
          mocked icon
        </div>
      </a>
      <a
        class="sc-bgqQcB bGgObM"
        data-testid="social-media-link"
        href="https://www.facebook.com/get.SPAN/"
        target="_blank"
      >
        <div>
          mocked icon
        </div>
      </a>
      <a
        class="sc-bgqQcB bGgObM"
        data-testid="social-media-link"
        href="https://www.tiktok.com/@span.io?lang=en"
        target="_blank"
      >
        <div>
          mocked icon
        </div>
      </a>
    </div>
  </div>
  <p
    class="sc-kPTPQs iMrmXv"
  >
    ©2023 SPAN.io, Inc. All rights reserved.
  </p>
</div>
`;

exports[`<Footer /> should have link to panel 1`] = `
<div
  class="sc-gTRrQi drpXil"
>
  <div>
    mocked icon
  </div>
  <div
    class="sc-ewnqHT Vxahz"
  >
    <div
      class="sc-fFGjHI iWSryO"
    >
      <div
        class="sc-dicizt jOHjhs"
      >
        <a
          class="sc-iVCKna jVrrtU"
          href="https://www.span.io/"
          target="_blank"
        >
          Home
        </a>
        <a
          class="sc-iVCKna jVrrtU"
          href="https://www.span.io/panel"
          target="_blank"
        >
          Panel
        </a>
        <a
          class="sc-iVCKna jVrrtU"
          href="https://www.span.io/drive"
          target="_blank"
        >
          Drive
        </a>
        <a
          class="sc-iVCKna jVrrtU"
          href="https://www.span.io/app"
          target="_blank"
        >
          App
        </a>
        <a
          class="sc-iVCKna jVrrtU"
          href="https://www.span.io/partners"
          target="_blank"
        >
          Installers & Partners
        </a>
        <a
          class="sc-iVCKna jVrrtU"
          href="https://www.span.io/mission-careers"
          target="_blank"
        >
          Mission & Careers
        </a>
        <a
          class="sc-iVCKna jVrrtU"
          href="https://www.span.io/news"
          target="_blank"
        >
          News
        </a>
      </div>
      <div
        class="sc-dicizt jOHjhs"
      >
        <a
          class="sc-iVCKna jVrrtU"
          href="https://www.span.io/tech-portal"
          target="_blank"
        >
          Tech Portal
        </a>
        <a
          class="sc-iVCKna jVrrtU"
          href="https://support.span.io/hc/en-us/"
          target="_blank"
        >
          Support
        </a>
        <a
          class="sc-iVCKna jVrrtU"
          href="https://www.span.io/terms-of-service"
          target="_blank"
        >
          Terms of Service
        </a>
        <a
          class="sc-iVCKna jVrrtU"
          href="https://www.span.io/privacy"
          target="_blank"
        >
          Privacy Policy
        </a>
        <a
          class="sc-iVCKna jVrrtU"
          href="https://www.span.io/legal"
          target="_blank"
        >
          Legal
        </a>
      </div>
    </div>
    <div
      class="sc-gxYJeL cDhkXG"
    >
      <a
        class="sc-bgqQcB bGgObM"
        data-testid="social-media-link"
        href="https://www.instagram.com/get_span/?hl=en"
        target="_blank"
      >
        <div>
          mocked icon
        </div>
      </a>
      <a
        class="sc-bgqQcB bGgObM"
        data-testid="social-media-link"
        href="https://www.linkedin.com/company/spanio/mycompany/"
        target="_blank"
      >
        <div>
          mocked icon
        </div>
      </a>
      <a
        class="sc-bgqQcB bGgObM"
        data-testid="social-media-link"
        href="https://twitter.com/span_io?lang=en"
        target="_blank"
      >
        <div>
          mocked icon
        </div>
      </a>
      <a
        class="sc-bgqQcB bGgObM"
        data-testid="social-media-link"
        href="https://www.youtube.com/channel/UClLe-YG5QZKFJAlJhwdYPGA"
        target="_blank"
      >
        <div>
          mocked icon
        </div>
      </a>
      <a
        class="sc-bgqQcB bGgObM"
        data-testid="social-media-link"
        href="https://www.facebook.com/get.SPAN/"
        target="_blank"
      >
        <div>
          mocked icon
        </div>
      </a>
      <a
        class="sc-bgqQcB bGgObM"
        data-testid="social-media-link"
        href="https://www.tiktok.com/@span.io?lang=en"
        target="_blank"
      >
        <div>
          mocked icon
        </div>
      </a>
    </div>
  </div>
  <p
    class="sc-kPTPQs iMrmXv"
  >
    ©2023 SPAN.io, Inc. All rights reserved.
  </p>
</div>
`;

exports[`<Footer /> should have link to partners 1`] = `
<div
  class="sc-gTRrQi drpXil"
>
  <div>
    mocked icon
  </div>
  <div
    class="sc-ewnqHT Vxahz"
  >
    <div
      class="sc-fFGjHI iWSryO"
    >
      <div
        class="sc-dicizt jOHjhs"
      >
        <a
          class="sc-iVCKna jVrrtU"
          href="https://www.span.io/"
          target="_blank"
        >
          Home
        </a>
        <a
          class="sc-iVCKna jVrrtU"
          href="https://www.span.io/panel"
          target="_blank"
        >
          Panel
        </a>
        <a
          class="sc-iVCKna jVrrtU"
          href="https://www.span.io/drive"
          target="_blank"
        >
          Drive
        </a>
        <a
          class="sc-iVCKna jVrrtU"
          href="https://www.span.io/app"
          target="_blank"
        >
          App
        </a>
        <a
          class="sc-iVCKna jVrrtU"
          href="https://www.span.io/partners"
          target="_blank"
        >
          Installers & Partners
        </a>
        <a
          class="sc-iVCKna jVrrtU"
          href="https://www.span.io/mission-careers"
          target="_blank"
        >
          Mission & Careers
        </a>
        <a
          class="sc-iVCKna jVrrtU"
          href="https://www.span.io/news"
          target="_blank"
        >
          News
        </a>
      </div>
      <div
        class="sc-dicizt jOHjhs"
      >
        <a
          class="sc-iVCKna jVrrtU"
          href="https://www.span.io/tech-portal"
          target="_blank"
        >
          Tech Portal
        </a>
        <a
          class="sc-iVCKna jVrrtU"
          href="https://support.span.io/hc/en-us/"
          target="_blank"
        >
          Support
        </a>
        <a
          class="sc-iVCKna jVrrtU"
          href="https://www.span.io/terms-of-service"
          target="_blank"
        >
          Terms of Service
        </a>
        <a
          class="sc-iVCKna jVrrtU"
          href="https://www.span.io/privacy"
          target="_blank"
        >
          Privacy Policy
        </a>
        <a
          class="sc-iVCKna jVrrtU"
          href="https://www.span.io/legal"
          target="_blank"
        >
          Legal
        </a>
      </div>
    </div>
    <div
      class="sc-gxYJeL cDhkXG"
    >
      <a
        class="sc-bgqQcB bGgObM"
        data-testid="social-media-link"
        href="https://www.instagram.com/get_span/?hl=en"
        target="_blank"
      >
        <div>
          mocked icon
        </div>
      </a>
      <a
        class="sc-bgqQcB bGgObM"
        data-testid="social-media-link"
        href="https://www.linkedin.com/company/spanio/mycompany/"
        target="_blank"
      >
        <div>
          mocked icon
        </div>
      </a>
      <a
        class="sc-bgqQcB bGgObM"
        data-testid="social-media-link"
        href="https://twitter.com/span_io?lang=en"
        target="_blank"
      >
        <div>
          mocked icon
        </div>
      </a>
      <a
        class="sc-bgqQcB bGgObM"
        data-testid="social-media-link"
        href="https://www.youtube.com/channel/UClLe-YG5QZKFJAlJhwdYPGA"
        target="_blank"
      >
        <div>
          mocked icon
        </div>
      </a>
      <a
        class="sc-bgqQcB bGgObM"
        data-testid="social-media-link"
        href="https://www.facebook.com/get.SPAN/"
        target="_blank"
      >
        <div>
          mocked icon
        </div>
      </a>
      <a
        class="sc-bgqQcB bGgObM"
        data-testid="social-media-link"
        href="https://www.tiktok.com/@span.io?lang=en"
        target="_blank"
      >
        <div>
          mocked icon
        </div>
      </a>
    </div>
  </div>
  <p
    class="sc-kPTPQs iMrmXv"
  >
    ©2023 SPAN.io, Inc. All rights reserved.
  </p>
</div>
`;

exports[`<Footer /> should have link to privacy policy 1`] = `
<div
  class="sc-gTRrQi drpXil"
>
  <div>
    mocked icon
  </div>
  <div
    class="sc-ewnqHT Vxahz"
  >
    <div
      class="sc-fFGjHI iWSryO"
    >
      <div
        class="sc-dicizt jOHjhs"
      >
        <a
          class="sc-iVCKna jVrrtU"
          href="https://www.span.io/"
          target="_blank"
        >
          Home
        </a>
        <a
          class="sc-iVCKna jVrrtU"
          href="https://www.span.io/panel"
          target="_blank"
        >
          Panel
        </a>
        <a
          class="sc-iVCKna jVrrtU"
          href="https://www.span.io/drive"
          target="_blank"
        >
          Drive
        </a>
        <a
          class="sc-iVCKna jVrrtU"
          href="https://www.span.io/app"
          target="_blank"
        >
          App
        </a>
        <a
          class="sc-iVCKna jVrrtU"
          href="https://www.span.io/partners"
          target="_blank"
        >
          Installers & Partners
        </a>
        <a
          class="sc-iVCKna jVrrtU"
          href="https://www.span.io/mission-careers"
          target="_blank"
        >
          Mission & Careers
        </a>
        <a
          class="sc-iVCKna jVrrtU"
          href="https://www.span.io/news"
          target="_blank"
        >
          News
        </a>
      </div>
      <div
        class="sc-dicizt jOHjhs"
      >
        <a
          class="sc-iVCKna jVrrtU"
          href="https://www.span.io/tech-portal"
          target="_blank"
        >
          Tech Portal
        </a>
        <a
          class="sc-iVCKna jVrrtU"
          href="https://support.span.io/hc/en-us/"
          target="_blank"
        >
          Support
        </a>
        <a
          class="sc-iVCKna jVrrtU"
          href="https://www.span.io/terms-of-service"
          target="_blank"
        >
          Terms of Service
        </a>
        <a
          class="sc-iVCKna jVrrtU"
          href="https://www.span.io/privacy"
          target="_blank"
        >
          Privacy Policy
        </a>
        <a
          class="sc-iVCKna jVrrtU"
          href="https://www.span.io/legal"
          target="_blank"
        >
          Legal
        </a>
      </div>
    </div>
    <div
      class="sc-gxYJeL cDhkXG"
    >
      <a
        class="sc-bgqQcB bGgObM"
        data-testid="social-media-link"
        href="https://www.instagram.com/get_span/?hl=en"
        target="_blank"
      >
        <div>
          mocked icon
        </div>
      </a>
      <a
        class="sc-bgqQcB bGgObM"
        data-testid="social-media-link"
        href="https://www.linkedin.com/company/spanio/mycompany/"
        target="_blank"
      >
        <div>
          mocked icon
        </div>
      </a>
      <a
        class="sc-bgqQcB bGgObM"
        data-testid="social-media-link"
        href="https://twitter.com/span_io?lang=en"
        target="_blank"
      >
        <div>
          mocked icon
        </div>
      </a>
      <a
        class="sc-bgqQcB bGgObM"
        data-testid="social-media-link"
        href="https://www.youtube.com/channel/UClLe-YG5QZKFJAlJhwdYPGA"
        target="_blank"
      >
        <div>
          mocked icon
        </div>
      </a>
      <a
        class="sc-bgqQcB bGgObM"
        data-testid="social-media-link"
        href="https://www.facebook.com/get.SPAN/"
        target="_blank"
      >
        <div>
          mocked icon
        </div>
      </a>
      <a
        class="sc-bgqQcB bGgObM"
        data-testid="social-media-link"
        href="https://www.tiktok.com/@span.io?lang=en"
        target="_blank"
      >
        <div>
          mocked icon
        </div>
      </a>
    </div>
  </div>
  <p
    class="sc-kPTPQs iMrmXv"
  >
    ©2023 SPAN.io, Inc. All rights reserved.
  </p>
</div>
`;

exports[`<Footer /> should have link to social media 1`] = `
[
  "https://www.instagram.com/get_span/?hl=en",
  "https://www.linkedin.com/company/spanio/mycompany/",
  "https://twitter.com/span_io?lang=en",
  "https://www.youtube.com/channel/UClLe-YG5QZKFJAlJhwdYPGA",
  "https://www.facebook.com/get.SPAN/",
  "https://www.tiktok.com/@span.io?lang=en",
]
`;

exports[`<Footer /> should have link to social media 2`] = `
<div
  class="sc-gTRrQi drpXil"
>
  <div>
    mocked icon
  </div>
  <div
    class="sc-ewnqHT Vxahz"
  >
    <div
      class="sc-fFGjHI iWSryO"
    >
      <div
        class="sc-dicizt jOHjhs"
      >
        <a
          class="sc-iVCKna jVrrtU"
          href="https://www.span.io/"
          target="_blank"
        >
          Home
        </a>
        <a
          class="sc-iVCKna jVrrtU"
          href="https://www.span.io/panel"
          target="_blank"
        >
          Panel
        </a>
        <a
          class="sc-iVCKna jVrrtU"
          href="https://www.span.io/drive"
          target="_blank"
        >
          Drive
        </a>
        <a
          class="sc-iVCKna jVrrtU"
          href="https://www.span.io/app"
          target="_blank"
        >
          App
        </a>
        <a
          class="sc-iVCKna jVrrtU"
          href="https://www.span.io/partners"
          target="_blank"
        >
          Installers & Partners
        </a>
        <a
          class="sc-iVCKna jVrrtU"
          href="https://www.span.io/mission-careers"
          target="_blank"
        >
          Mission & Careers
        </a>
        <a
          class="sc-iVCKna jVrrtU"
          href="https://www.span.io/news"
          target="_blank"
        >
          News
        </a>
      </div>
      <div
        class="sc-dicizt jOHjhs"
      >
        <a
          class="sc-iVCKna jVrrtU"
          href="https://www.span.io/tech-portal"
          target="_blank"
        >
          Tech Portal
        </a>
        <a
          class="sc-iVCKna jVrrtU"
          href="https://support.span.io/hc/en-us/"
          target="_blank"
        >
          Support
        </a>
        <a
          class="sc-iVCKna jVrrtU"
          href="https://www.span.io/terms-of-service"
          target="_blank"
        >
          Terms of Service
        </a>
        <a
          class="sc-iVCKna jVrrtU"
          href="https://www.span.io/privacy"
          target="_blank"
        >
          Privacy Policy
        </a>
        <a
          class="sc-iVCKna jVrrtU"
          href="https://www.span.io/legal"
          target="_blank"
        >
          Legal
        </a>
      </div>
    </div>
    <div
      class="sc-gxYJeL cDhkXG"
    >
      <a
        class="sc-bgqQcB bGgObM"
        data-testid="social-media-link"
        href="https://www.instagram.com/get_span/?hl=en"
        target="_blank"
      >
        <div>
          mocked icon
        </div>
      </a>
      <a
        class="sc-bgqQcB bGgObM"
        data-testid="social-media-link"
        href="https://www.linkedin.com/company/spanio/mycompany/"
        target="_blank"
      >
        <div>
          mocked icon
        </div>
      </a>
      <a
        class="sc-bgqQcB bGgObM"
        data-testid="social-media-link"
        href="https://twitter.com/span_io?lang=en"
        target="_blank"
      >
        <div>
          mocked icon
        </div>
      </a>
      <a
        class="sc-bgqQcB bGgObM"
        data-testid="social-media-link"
        href="https://www.youtube.com/channel/UClLe-YG5QZKFJAlJhwdYPGA"
        target="_blank"
      >
        <div>
          mocked icon
        </div>
      </a>
      <a
        class="sc-bgqQcB bGgObM"
        data-testid="social-media-link"
        href="https://www.facebook.com/get.SPAN/"
        target="_blank"
      >
        <div>
          mocked icon
        </div>
      </a>
      <a
        class="sc-bgqQcB bGgObM"
        data-testid="social-media-link"
        href="https://www.tiktok.com/@span.io?lang=en"
        target="_blank"
      >
        <div>
          mocked icon
        </div>
      </a>
    </div>
  </div>
  <p
    class="sc-kPTPQs iMrmXv"
  >
    ©2023 SPAN.io, Inc. All rights reserved.
  </p>
</div>
`;

exports[`<Footer /> should have link to support 1`] = `
<div
  class="sc-gTRrQi drpXil"
>
  <div>
    mocked icon
  </div>
  <div
    class="sc-ewnqHT Vxahz"
  >
    <div
      class="sc-fFGjHI iWSryO"
    >
      <div
        class="sc-dicizt jOHjhs"
      >
        <a
          class="sc-iVCKna jVrrtU"
          href="https://www.span.io/"
          target="_blank"
        >
          Home
        </a>
        <a
          class="sc-iVCKna jVrrtU"
          href="https://www.span.io/panel"
          target="_blank"
        >
          Panel
        </a>
        <a
          class="sc-iVCKna jVrrtU"
          href="https://www.span.io/drive"
          target="_blank"
        >
          Drive
        </a>
        <a
          class="sc-iVCKna jVrrtU"
          href="https://www.span.io/app"
          target="_blank"
        >
          App
        </a>
        <a
          class="sc-iVCKna jVrrtU"
          href="https://www.span.io/partners"
          target="_blank"
        >
          Installers & Partners
        </a>
        <a
          class="sc-iVCKna jVrrtU"
          href="https://www.span.io/mission-careers"
          target="_blank"
        >
          Mission & Careers
        </a>
        <a
          class="sc-iVCKna jVrrtU"
          href="https://www.span.io/news"
          target="_blank"
        >
          News
        </a>
      </div>
      <div
        class="sc-dicizt jOHjhs"
      >
        <a
          class="sc-iVCKna jVrrtU"
          href="https://www.span.io/tech-portal"
          target="_blank"
        >
          Tech Portal
        </a>
        <a
          class="sc-iVCKna jVrrtU"
          href="https://support.span.io/hc/en-us/"
          target="_blank"
        >
          Support
        </a>
        <a
          class="sc-iVCKna jVrrtU"
          href="https://www.span.io/terms-of-service"
          target="_blank"
        >
          Terms of Service
        </a>
        <a
          class="sc-iVCKna jVrrtU"
          href="https://www.span.io/privacy"
          target="_blank"
        >
          Privacy Policy
        </a>
        <a
          class="sc-iVCKna jVrrtU"
          href="https://www.span.io/legal"
          target="_blank"
        >
          Legal
        </a>
      </div>
    </div>
    <div
      class="sc-gxYJeL cDhkXG"
    >
      <a
        class="sc-bgqQcB bGgObM"
        data-testid="social-media-link"
        href="https://www.instagram.com/get_span/?hl=en"
        target="_blank"
      >
        <div>
          mocked icon
        </div>
      </a>
      <a
        class="sc-bgqQcB bGgObM"
        data-testid="social-media-link"
        href="https://www.linkedin.com/company/spanio/mycompany/"
        target="_blank"
      >
        <div>
          mocked icon
        </div>
      </a>
      <a
        class="sc-bgqQcB bGgObM"
        data-testid="social-media-link"
        href="https://twitter.com/span_io?lang=en"
        target="_blank"
      >
        <div>
          mocked icon
        </div>
      </a>
      <a
        class="sc-bgqQcB bGgObM"
        data-testid="social-media-link"
        href="https://www.youtube.com/channel/UClLe-YG5QZKFJAlJhwdYPGA"
        target="_blank"
      >
        <div>
          mocked icon
        </div>
      </a>
      <a
        class="sc-bgqQcB bGgObM"
        data-testid="social-media-link"
        href="https://www.facebook.com/get.SPAN/"
        target="_blank"
      >
        <div>
          mocked icon
        </div>
      </a>
      <a
        class="sc-bgqQcB bGgObM"
        data-testid="social-media-link"
        href="https://www.tiktok.com/@span.io?lang=en"
        target="_blank"
      >
        <div>
          mocked icon
        </div>
      </a>
    </div>
  </div>
  <p
    class="sc-kPTPQs iMrmXv"
  >
    ©2023 SPAN.io, Inc. All rights reserved.
  </p>
</div>
`;

exports[`<Footer /> should have link to tech portal 1`] = `
<div
  class="sc-gTRrQi drpXil"
>
  <div>
    mocked icon
  </div>
  <div
    class="sc-ewnqHT Vxahz"
  >
    <div
      class="sc-fFGjHI iWSryO"
    >
      <div
        class="sc-dicizt jOHjhs"
      >
        <a
          class="sc-iVCKna jVrrtU"
          href="https://www.span.io/"
          target="_blank"
        >
          Home
        </a>
        <a
          class="sc-iVCKna jVrrtU"
          href="https://www.span.io/panel"
          target="_blank"
        >
          Panel
        </a>
        <a
          class="sc-iVCKna jVrrtU"
          href="https://www.span.io/drive"
          target="_blank"
        >
          Drive
        </a>
        <a
          class="sc-iVCKna jVrrtU"
          href="https://www.span.io/app"
          target="_blank"
        >
          App
        </a>
        <a
          class="sc-iVCKna jVrrtU"
          href="https://www.span.io/partners"
          target="_blank"
        >
          Installers & Partners
        </a>
        <a
          class="sc-iVCKna jVrrtU"
          href="https://www.span.io/mission-careers"
          target="_blank"
        >
          Mission & Careers
        </a>
        <a
          class="sc-iVCKna jVrrtU"
          href="https://www.span.io/news"
          target="_blank"
        >
          News
        </a>
      </div>
      <div
        class="sc-dicizt jOHjhs"
      >
        <a
          class="sc-iVCKna jVrrtU"
          href="https://www.span.io/tech-portal"
          target="_blank"
        >
          Tech Portal
        </a>
        <a
          class="sc-iVCKna jVrrtU"
          href="https://support.span.io/hc/en-us/"
          target="_blank"
        >
          Support
        </a>
        <a
          class="sc-iVCKna jVrrtU"
          href="https://www.span.io/terms-of-service"
          target="_blank"
        >
          Terms of Service
        </a>
        <a
          class="sc-iVCKna jVrrtU"
          href="https://www.span.io/privacy"
          target="_blank"
        >
          Privacy Policy
        </a>
        <a
          class="sc-iVCKna jVrrtU"
          href="https://www.span.io/legal"
          target="_blank"
        >
          Legal
        </a>
      </div>
    </div>
    <div
      class="sc-gxYJeL cDhkXG"
    >
      <a
        class="sc-bgqQcB bGgObM"
        data-testid="social-media-link"
        href="https://www.instagram.com/get_span/?hl=en"
        target="_blank"
      >
        <div>
          mocked icon
        </div>
      </a>
      <a
        class="sc-bgqQcB bGgObM"
        data-testid="social-media-link"
        href="https://www.linkedin.com/company/spanio/mycompany/"
        target="_blank"
      >
        <div>
          mocked icon
        </div>
      </a>
      <a
        class="sc-bgqQcB bGgObM"
        data-testid="social-media-link"
        href="https://twitter.com/span_io?lang=en"
        target="_blank"
      >
        <div>
          mocked icon
        </div>
      </a>
      <a
        class="sc-bgqQcB bGgObM"
        data-testid="social-media-link"
        href="https://www.youtube.com/channel/UClLe-YG5QZKFJAlJhwdYPGA"
        target="_blank"
      >
        <div>
          mocked icon
        </div>
      </a>
      <a
        class="sc-bgqQcB bGgObM"
        data-testid="social-media-link"
        href="https://www.facebook.com/get.SPAN/"
        target="_blank"
      >
        <div>
          mocked icon
        </div>
      </a>
      <a
        class="sc-bgqQcB bGgObM"
        data-testid="social-media-link"
        href="https://www.tiktok.com/@span.io?lang=en"
        target="_blank"
      >
        <div>
          mocked icon
        </div>
      </a>
    </div>
  </div>
  <p
    class="sc-kPTPQs iMrmXv"
  >
    ©2023 SPAN.io, Inc. All rights reserved.
  </p>
</div>
`;

exports[`<Footer /> should have link to terms of service 1`] = `
<div
  class="sc-gTRrQi drpXil"
>
  <div>
    mocked icon
  </div>
  <div
    class="sc-ewnqHT Vxahz"
  >
    <div
      class="sc-fFGjHI iWSryO"
    >
      <div
        class="sc-dicizt jOHjhs"
      >
        <a
          class="sc-iVCKna jVrrtU"
          href="https://www.span.io/"
          target="_blank"
        >
          Home
        </a>
        <a
          class="sc-iVCKna jVrrtU"
          href="https://www.span.io/panel"
          target="_blank"
        >
          Panel
        </a>
        <a
          class="sc-iVCKna jVrrtU"
          href="https://www.span.io/drive"
          target="_blank"
        >
          Drive
        </a>
        <a
          class="sc-iVCKna jVrrtU"
          href="https://www.span.io/app"
          target="_blank"
        >
          App
        </a>
        <a
          class="sc-iVCKna jVrrtU"
          href="https://www.span.io/partners"
          target="_blank"
        >
          Installers & Partners
        </a>
        <a
          class="sc-iVCKna jVrrtU"
          href="https://www.span.io/mission-careers"
          target="_blank"
        >
          Mission & Careers
        </a>
        <a
          class="sc-iVCKna jVrrtU"
          href="https://www.span.io/news"
          target="_blank"
        >
          News
        </a>
      </div>
      <div
        class="sc-dicizt jOHjhs"
      >
        <a
          class="sc-iVCKna jVrrtU"
          href="https://www.span.io/tech-portal"
          target="_blank"
        >
          Tech Portal
        </a>
        <a
          class="sc-iVCKna jVrrtU"
          href="https://support.span.io/hc/en-us/"
          target="_blank"
        >
          Support
        </a>
        <a
          class="sc-iVCKna jVrrtU"
          href="https://www.span.io/terms-of-service"
          target="_blank"
        >
          Terms of Service
        </a>
        <a
          class="sc-iVCKna jVrrtU"
          href="https://www.span.io/privacy"
          target="_blank"
        >
          Privacy Policy
        </a>
        <a
          class="sc-iVCKna jVrrtU"
          href="https://www.span.io/legal"
          target="_blank"
        >
          Legal
        </a>
      </div>
    </div>
    <div
      class="sc-gxYJeL cDhkXG"
    >
      <a
        class="sc-bgqQcB bGgObM"
        data-testid="social-media-link"
        href="https://www.instagram.com/get_span/?hl=en"
        target="_blank"
      >
        <div>
          mocked icon
        </div>
      </a>
      <a
        class="sc-bgqQcB bGgObM"
        data-testid="social-media-link"
        href="https://www.linkedin.com/company/spanio/mycompany/"
        target="_blank"
      >
        <div>
          mocked icon
        </div>
      </a>
      <a
        class="sc-bgqQcB bGgObM"
        data-testid="social-media-link"
        href="https://twitter.com/span_io?lang=en"
        target="_blank"
      >
        <div>
          mocked icon
        </div>
      </a>
      <a
        class="sc-bgqQcB bGgObM"
        data-testid="social-media-link"
        href="https://www.youtube.com/channel/UClLe-YG5QZKFJAlJhwdYPGA"
        target="_blank"
      >
        <div>
          mocked icon
        </div>
      </a>
      <a
        class="sc-bgqQcB bGgObM"
        data-testid="social-media-link"
        href="https://www.facebook.com/get.SPAN/"
        target="_blank"
      >
        <div>
          mocked icon
        </div>
      </a>
      <a
        class="sc-bgqQcB bGgObM"
        data-testid="social-media-link"
        href="https://www.tiktok.com/@span.io?lang=en"
        target="_blank"
      >
        <div>
          mocked icon
        </div>
      </a>
    </div>
  </div>
  <p
    class="sc-kPTPQs iMrmXv"
  >
    ©2023 SPAN.io, Inc. All rights reserved.
  </p>
</div>
`;
