// Jest Snapshot v1, https://goo.gl/fbAQLP

exports[`<LocalRebates /> should render the title 1`] = `
.c5 {
  display: -webkit-box;
  display: -webkit-flex;
  display: -ms-flexbox;
  display: flex;
  -webkit-box-pack: justify;
  -webkit-justify-content: space-between;
  -ms-flex-pack: justify;
  justify-content: space-between;
  cursor: pointer;
}

align-items:baseline .c4 > svg {
  cursor: pointer;
}

.c11 {
  display: -webkit-box;
  display: -webkit-flex;
  display: -ms-flexbox;
  display: flex;
  height: auto;
  z-index: 2;
  overflow: hidden;
  position: relative;
  -webkit-transition: all 0.3s ease-out;
  transition: all 0.3s ease-out;
  max-height: 0px;
}

.c11.active {
  max-height: 1000px;
  margin-bottom: 63px;
}

.c7 {
  -webkit-box-pack: center;
  -webkit-justify-content: center;
  -ms-flex-pack: center;
  justify-content: center;
  -webkit-align-items: center;
  -webkit-box-align: center;
  -ms-flex-align: center;
  align-items: center;
  display: -webkit-box;
  display: -webkit-flex;
  display: -ms-flexbox;
  display: flex;
  position: relative;
}

.c9 {
  width: 2px;
  height: 24px;
  background-color: #1f1f1f;
  border-radius: 2px;
  position: absolute;
  -webkit-transition: all 0.2s ease-in-out;
  transition: all 0.2s ease-in-out;
}

.c9.active {
  -webkit-transform: translate3d(0px,0px,0px) scale3d(1,1,1) rotateX(0deg) rotateY(0deg) rotateZ(90deg) skew(0deg,0deg);
  -ms-transform: translate3d(0px,0px,0px) scale3d(1,1,1) rotateX(0deg) rotateY(0deg) rotateZ(90deg) skew(0deg,0deg);
  transform: translate3d(0px,0px,0px) scale3d(1,1,1) rotateX(0deg) rotateY(0deg) rotateZ(90deg) skew(0deg,0deg);
  -webkit-transform-style: preserve-3d;
  -ms-transform-style: preserve-3d;
  transform-style: preserve-3d;
}

.c8 {
  width: 24px;
  height: 2px;
  background-color: #1f1f1f;
  border-radius: 2px;
}

.c6 {
  font-style: normal;
  font-weight: 700;
  font-size: 32px;
  line-height: 40px;
  width: 100%;
}

.c10 {
  height: 1px;
  background: #b0b0b1;
  border-radius: 2px;
  margin-bottom: 53px;
  margin-top: 13px;
}

.c0 {
  width: 100%;
  background: #EFEFEF;
}

.c1 {
  display: -webkit-box;
  display: -webkit-flex;
  display: -ms-flexbox;
  display: flex;
  -webkit-flex-direction: column;
  -ms-flex-direction: column;
  flex-direction: column;
  text-align: left;
  color: #1F1F1F;
}

.c2 {
  font-style: normal;
  font-weight: 700;
  font-size: 48px;
  line-height: 56px;
  margin-bottom: 42px;
  width: auto;
}

.c3 {
  font-weight: 500;
  font-size: 16px;
  line-height: 24px;
}

.c12 {
  display: -webkit-box;
  display: -webkit-flex;
  display: -ms-flexbox;
  display: flex;
  -webkit-flex-direction: column;
  -ms-flex-direction: column;
  flex-direction: column;
}

.c12 > div:first-child {
  margin-bottom: 73px;
}

.c13 {
  display: -webkit-box;
  display: -webkit-flex;
  display: -ms-flexbox;
  display: flex;
}

.c14 {
  font-style: normal;
  font-weight: 500;
  font-size: 16px;
  line-height: 24px;
  width: 100%;
}

.c16 {
  cursor: pointer;
  background-color: #EFEFEF;
  border: 2px solid #1F1F1F;
  border-radius: 20px;
  width: 160px;
  height: 40px;
  margin-left: 40px;
  font-style: normal;
  font-weight: 700;
  font-size: 16px;
  line-height: 24px;
}

.c17 {
  font-style: normal;
  font-weight: 500;
  margin-top: 32px;
}

@media (min-width:320px) {
  .c11 {
    -webkit-flex-direction: column;
    -ms-flex-direction: column;
    flex-direction: column;
  }
}

@media (min-width:1024px) {
  .c11 {
    -webkit-flex-direction: row;
    -ms-flex-direction: row;
    flex-direction: row;
  }
}

@media (min-width:1528px) {
  .c0 {
    padding: 96px 64px;
  }
}

@media (min-width:320px) {
  .c1 {
    padding: 64px 24px;
  }
}

@media (min-width:480px) {
  .c1 {
    padding: 64px 32px;
  }
}

@media (min-width:768px) {
  .c1 {
    padding: 64px 40px;
  }
}

@media (min-width:1024px) {
  .c1 {
    padding: 96px 64px;
  }
}

@media (min-width:1528px) {
  .c1 {
    padding: 0px;
    width: 1400px;
    margin: 0px auto;
  }
}

@media (min-width:768px) {
  .c2 {
    width: 560px;
  }
}

@media (min-width:320px) {
  .c12 {
    width: 100%;
  }
}

@media (min-width:1024px) {
  .c12 {
    width: 50%;
  }
}

@media (min-width:320px) {
  .c13 {
    -webkit-flex-direction: column;
    -ms-flex-direction: column;
    flex-direction: column;
  }
}

@media (min-width:1024px) {
  .c13 {
    -webkit-flex-direction: row;
    -ms-flex-direction: row;
    flex-direction: row;
  }
}

@media (min-width:320px) {
  .c16 {
    -webkit-align-self: end;
    -ms-flex-item-align: end;
    align-self: end;
    margin-top: 20px;
  }
}

@media (min-width:1024px) {
  .c16 {
    -webkit-align-self: start;
    -ms-flex-item-align: start;
    align-self: start;
    margin-top: 0px;
  }
}

@media (min-width:320px) {
  .c17 {
    width: 100%;
    font-size: 16px;
    line-height: 24px;
  }
}

@media (min-width:1024px) {
  .c17 {
    max-width: 460px;
    font-size: 12px;
    line-height: 16px;
  }
}

@media (max-width:768px) {
  .c15 {
    display: -webkit-box;
    display: -webkit-flex;
    display: -ms-flexbox;
    display: flex;
    -webkit-box-pack: end;
    -webkit-justify-content: flex-end;
    -ms-flex-pack: end;
    justify-content: flex-end;
  }
}

<div
  class="c0"
>
  <div
    class="c1"
  >
    <div>
      <h1
        class="c2"
        data-testid="local-rebates-title"
      >
        Local utility electrification rebates
      </h1>
      <h2
        class="c3"
      >
        Enjoy even more potential savings from
      </h2>
      <h2
        class="c3"
      >
        localized utility incentives.
      </h2>
    </div>
    <div
      style="margin-top: 70px;"
    >
      <div
        class="c4 c5"
      >
        <h2
          class="c6"
          data-testid="accordion-title"
        >
          California
        </h2>
        <div
          class="c7"
        >
          <div
            class="c8"
          />
          <div
            class="c9 accordion-body"
          />
        </div>
      </div>
      <div
        class="c10"
      />
      <div
        class="c11 accordion-body"
        data-testid="accordion-body"
      >
        <div
          class="c12"
        />
        <div
          class="c12"
        >
          <div
            class="c13"
          >
            <div>
              <p
                class="c14"
              >
                <b>
                  Silicon Valley Power
                </b>
                 customers can save up to $2,500 on SPAN Panel as part of a larger home electrification project.
              </p>
            </div>
            <div
              class="c15"
            >
              <button
                class="c16"
              >
                Learn more
              </button>
            </div>
          </div>
          <div
            class="c13"
          >
            <div>
              <p
                class="c14"
              >
                <b>
                  Sacramento Municipal Utility District
                </b>
                 (SMUD) customers can save up to $2,500 on SPAN Panel as part of a larger home electrification project.
              </p>
            </div>
            <div
              class="c15"
            >
              <button
                class="c16"
              >
                Learn more
              </button>
            </div>
          </div>
        </div>
      </div>
      <div
        class="c4 c5"
      >
        <h2
          class="c6"
          data-testid="accordion-title"
        >
          Hawai’i
        </h2>
        <div
          class="c7"
        >
          <div
            class="c8"
          />
          <div
            class="c9 accordion-body"
          />
        </div>
      </div>
      <div
        class="c10"
      />
      <div
        class="c11 accordion-body"
        data-testid="accordion-body"
      >
        <div
          class="c12"
        />
        <div
          class="c12"
        >
          <div
            class="c13"
          >
            <div>
              <p
                class="c14"
              >
                <b>
                  Shifted Energy
                </b>
                 will cover the costs of SPAN Panel in full (plus up to $4,000 for installation) for customers who agree to share SPAN Panel data and control.
              </p>
            </div>
            <div
              class="c15"
            >
              <button
                class="c16"
              >
                Learn more
              </button>
            </div>
          </div>
          <div
            class="c13"
          >
            <div>
              <p
                class="c14"
              >
                <b>
                  Hawaiian Electric
                </b>
                 customers can save $500 on SPAN Panel by becoming a HECO Utility rate payer.
              </p>
            </div>
            <div
              class="c15"
            >
              <button
                class="c16"
              >
                Learn more
              </button>
            </div>
          </div>
        </div>
      </div>
    </div>
    <div>
      <p
        class="c17"
      >
        Any incentives, grants, or rebates provided by a government or public utility may affect the tax credits listed above.
      </p>
    </div>
  </div>
</div>
`;
