// Jest Snapshot v1, https://goo.gl/fbAQLP

exports[`<LocalRebates /> should render the title 1`] = `
.c4 {
  display: -webkit-box;
  display: -webkit-flex;
  display: -ms-flexbox;
  display: flex;
  -webkit-box-pack: justify;
  -webkit-justify-content: space-between;
  -ms-flex-pack: justify;
  justify-content: space-between;
  cursor: pointer;
}

align-items:baseline .c3 > svg {
  cursor: pointer;
}

.c10 {
  display: -webkit-box;
  display: -webkit-flex;
  display: -ms-flexbox;
  display: flex;
  height: auto;
  margin-bottom: 17px;
  z-index: 2;
  overflow: hidden;
  position: relative;
  -webkit-transition: all 0.3s ease-out;
  transition: all 0.3s ease-out;
  max-height: 0px;
}

.c10.active {
  max-height: 1000px;
}

.c6 {
  -webkit-box-pack: center;
  -webkit-justify-content: center;
  -ms-flex-pack: center;
  justify-content: center;
  -webkit-align-items: center;
  -webkit-box-align: center;
  -ms-flex-align: center;
  align-items: center;
  display: -webkit-box;
  display: -webkit-flex;
  display: -ms-flexbox;
  display: flex;
  position: relative;
}

.c8 {
  width: 2px;
  height: 24px;
  background-color: #1f1f1f;
  border-radius: 2px;
  position: absolute;
  -webkit-transition: all 0.2s ease-in-out;
  transition: all 0.2s ease-in-out;
}

.c8.active {
  -webkit-transform: translate3d(0px,0px,0px) scale3d(1,1,1) rotateX(0deg) rotateY(0deg) rotateZ(90deg) skew(0deg,0deg);
  -ms-transform: translate3d(0px,0px,0px) scale3d(1,1,1) rotateX(0deg) rotateY(0deg) rotateZ(90deg) skew(0deg,0deg);
  transform: translate3d(0px,0px,0px) scale3d(1,1,1) rotateX(0deg) rotateY(0deg) rotateZ(90deg) skew(0deg,0deg);
  -webkit-transform-style: preserve-3d;
  -ms-transform-style: preserve-3d;
  transform-style: preserve-3d;
}

.c7 {
  width: 24px;
  height: 2px;
  background-color: #1f1f1f;
  border-radius: 2px;
}

.c5 {
  font-style: normal;
  font-weight: 700;
  font-size: 32px;
  line-height: 40px;
  width: 100%;
}

.c9 {
  height: 1px;
  background: #b0b0b1;
  border-radius: 2px;
  margin-bottom: 17px;
}

.c0 {
  width: 100%;
  background: #EFEFEF;
}

.c1 {
  display: -webkit-box;
  display: -webkit-flex;
  display: -ms-flexbox;
  display: flex;
  -webkit-flex-direction: column;
  -ms-flex-direction: column;
  flex-direction: column;
  text-align: left;
  color: #1F1F1F;
}

.c2 {
  font-style: normal;
  font-weight: 700;
  font-size: 48px;
  line-height: 56px;
  margin-bottom: 81px;
}

.c11 {
  display: -webkit-box;
  display: -webkit-flex;
  display: -ms-flexbox;
  display: flex;
  -webkit-flex-direction: column;
  -ms-flex-direction: column;
  flex-direction: column;
}

.c12 {
  display: -webkit-box;
  display: -webkit-flex;
  display: -ms-flexbox;
  display: flex;
  margin-top: 40px;
}

.c13 {
  font-style: normal;
  font-weight: 500;
  font-size: 16px;
  line-height: 24px;
  width: 100%;
}

.c14 {
  border: 2px solid #1F1F1F;
  border-radius: 20px;
  width: 50%;
  height: 40px;
  margin-left: 50px;
  font-style: normal;
  font-weight: 700;
  font-size: 16px;
  line-height: 24px;
}

.c15 {
  font-style: normal;
  font-weight: 500;
  margin-top: 50px;
}

@media (min-width:320px) {
  .c10 {
    -webkit-flex-direction: column;
    -ms-flex-direction: column;
    flex-direction: column;
  }
}

@media (min-width:1024px) {
  .c10 {
    -webkit-flex-direction: row;
    -ms-flex-direction: row;
    flex-direction: row;
  }
}

@media (min-width:320px) {
  .c1 {
    padding: 56px 24px;
  }
}

@media (min-width:480px) {
  .c1 {
    padding: 56px 32px;
  }
}

@media (min-width:768px) {
  .c1 {
    padding: 90px 40px;
  }
}

@media (min-width:1024px) {
  .c1 {
    padding: 96px 64px;
  }
}

@media (min-width:1400px) {
  .c1 {
    width: 1400px;
    margin: 0px auto;
  }
}

@media (min-width:320px) {
  .c11 {
    width: 100%;
  }
}

@media (min-width:1024px) {
  .c11 {
    width: 50%;
  }
}

@media (min-width:320px) {
  .c12 {
    -webkit-flex-direction: column;
    -ms-flex-direction: column;
    flex-direction: column;
  }
}

@media (min-width:1024px) {
  .c12 {
    -webkit-flex-direction: row;
    -ms-flex-direction: row;
    flex-direction: row;
  }
}

@media (min-width:320px) {
  .c14 {
    -webkit-align-self: end;
    -ms-flex-item-align: end;
    align-self: end;
    margin-top: 20px;
  }
}

@media (min-width:1024px) {
  .c14 {
    -webkit-align-self: start;
    -ms-flex-item-align: start;
    align-self: start;
    margin-top: 0px;
  }
}

@media (min-width:320px) {
  .c15 {
    width: 100%;
    font-size: 16px;
    line-height: 24px;
  }
}

@media (min-width:1024px) {
  .c15 {
    width: 50%;
    font-size: 12px;
    line-height: 16px;
  }
}

<div
  class="c0"
>
  <div
    class="c1"
  >
    <div>
      <h1
        class="c2"
        data-testid="local-rebates-title"
      >
        Local utility electrification rebates
      </h1>
    </div>
    <div>
      <div
        class="c3 c4"
      >
        <h2
          class="c5"
          data-testid="accordion-title"
        >
          California
        </h2>
        <div
          class="c6"
        >
          <div
            class="c7"
          />
          <div
            class="c8 accordion-body"
          />
        </div>
      </div>
      <div
        class="c9"
      />
      <div
        class="c10 accordion-body"
        data-testid="accordion-body"
      >
        <div
          class="c11"
        />
        <div
          class="c11"
        >
          <div
            class="c12"
          >
            <p
              class="c13"
            >
              <b>
                Silicon Valley Power
              </b>
               customers can save up to $2,500 on SPAN as part of a larger home electrification project.
            </p>
            <button
              class="c14"
            >
              Learn more
            </button>
          </div>
          <div
            class="c12"
          >
            <p
              class="c13"
            >
              <b>
                Sacramento Municipal Utility District
              </b>
               (SMUD) customers can save up to $2,500 as part of a larger home electrification project.
            </p>
            <button
              class="c14"
            >
              Learn more
            </button>
          </div>
        </div>
      </div>
      <div
        class="c3 c4"
      >
        <h2
          class="c5"
          data-testid="accordion-title"
        >
          Hawai’i
        </h2>
        <div
          class="c6"
        >
          <div
            class="c7"
          />
          <div
            class="c8 accordion-body"
          />
        </div>
      </div>
      <div
        class="c9"
      />
      <div
        class="c10 accordion-body"
        data-testid="accordion-body"
      >
        <div
          class="c11"
        />
        <div
          class="c11"
        >
          <div
            class="c12"
          >
            <p
              class="c13"
            >
              <b>
                Shifted Energy
              </b>
               customers can have the costs of SPAN Panel covered, plus up to $4,000 for install when they agree to share SPAN Panel data and control with Shifted Energy.
            </p>
            <button
              class="c14"
            >
              Learn more
            </button>
          </div>
          <div
            class="c12"
          >
            <p
              class="c13"
            >
              <b>
                Hawaiian Electric
              </b>
               customers can save $500 on SPAN Panel product costs by becoming a HECO Utility rate payer.
            </p>
            <button
              class="c14"
            >
              Learn more
            </button>
          </div>
        </div>
      </div>
    </div>
    <div>
      <p
        class="c15"
      >
        We’re constantly updating this list, so check back to see if your utility provider provides localized incentives for getting SPAN.
      </p>
    </div>
  </div>
</div>
`;
