// Jest Snapshot v1, https://goo.gl/fbAQLP

exports[`<Loading /> should not render the loading when isLoading is true 1`] = `null`;

exports[`<Loading /> should render the loading when isLoading is true 1`] = `
.c0 {
  width: 100vw;
  height: 100vh;
  background-color: rgba(31,31,31,0.35);
  position: fixed;
  left: 0;
  top: 0;
  z-index: 100;
}

.c1 {
  top: calc(50% - 34px);
  left: calc(50% - 34px);
  position: fixed;
}

.c2 {
  top: calc(50% - 34px);
  left: calc(50% - 34px);
  position: fixed;
}

.c3 {
  top: calc(50% - 34px);
  left: calc(50% - 34px);
  position: fixed;
  z-index: 10;
}

.c3 > svg {
  -webkit-animation: lds-dual-ring 1.2s linear infinite;
  animation: lds-dual-ring 1.2s linear infinite;
  -webkit-animation-name: Hqxfx;
  animation-name: Hqxfx;
}

<div
  class="c0"
  data-testid="loading"
>
  <span
    class="c1"
  >
    <div>
      mocked icon
    </div>
  </span>
  <span
    class="c2"
  >
    <div>
      mocked icon
    </div>
  </span>
  <span
    class="c3"
  >
    <div>
      mocked icon
    </div>
  </span>
</div>
`;
